exports[`FormProgress tests > a11y and snapshots #0`] = `
<div id="wrapper" style="display: inline-block; width: 400px;">
  <div style="padding: 10px;">
    <div class="denhaag-form-progress">
      <div class="denhaag-form-progress__header">
        <div class="denhaag-form-progress__previous">
          <a
            href="javascript:history.back()"
            tabindex="0"
            class="denhaag-link denhaag-link--with-icon denhaag-link--with-icon-start"
            ><span class="denhaag-link__icon"
              ><svg
                width="1em"
                height="1em"
                viewBox="0 0 24 24"
                fill="none"
                xmlns="http://www.w3.org/2000/svg"
                class="MuiSvgIcon-root denhaag-icon"
                focusable="false"
                aria-hidden="true"
                shape-rendering="auto"
              >
                <path
                  d="M11.707 18.707a1 1 0 01-1.414 0l-6-6a1 1 0 010-1.414l6-6a1 1 0 111.414 1.414L7.414 11H19a1 1 0 110 2H7.414l4.293 4.293a1 1 0 010 1.414z"
                  fill="currentColor"
                ></path></svg></span
            ><span>Vorige stap</span></a
          >
        </div>
        <label
          class="denhaag-form-progress__label"
          for="denhaag-form-progress-bar"
          >Stap 2 van 4</label
        >
      </div>
      <progress
        id="denhaag-form-progress-bar"
        class="denhaag-form-progress__progress"
        max="4"
        value="2"
      ></progress>
    </div>
  </div>
</div>
`;
