exports[`Link tests > a11y and snapshots #0`] = `
<div id="wrapper" style="display: inline-block;">
  <div style="padding: 10px;">
    <a href="#test" tabindex="0" class="denhaag-link"><span>Test link</span></a>
  </div>
  <div style="padding: 10px;">
    <a href="#test" tabindex="-1" class="denhaag-link denhaag-link--disabled"
      ><span>Test link</span></a
    >
  </div>
</div>
`;

exports[`Link tests > a11y and snapshots #1`] = `
<div id="wrapper" style="display: inline-block;">
  <div style="padding: 10px;">
    <a
      href="#test"
      tabindex="0"
      class="denhaag-link denhaag-link--with-icon denhaag-link--with-icon-end"
      ><span>Test link</span
      ><span class="denhaag-link__icon"
        ><svg
          width="1em"
          height="1em"
          viewBox="0 0 24 24"
          fill="none"
          xmlns="http://www.w3.org/2000/svg"
          class="MuiSvgIcon-root denhaag-icon"
          focusable="false"
          aria-hidden="true"
          shape-rendering="auto"
        >
          <path
            d="M9.293 18.707a1 1 0 010-1.414L14.586 12 9.293 6.707a1 1 0 011.414-1.414l6 6a1 1 0 010 1.414l-6 6a1 1 0 01-1.414 0z"
            fill="currentColor"
          ></path></svg></span
    ></a>
  </div>
  <div style="padding: 10px;">
    <a
      href="#test"
      tabindex="-1"
      class="denhaag-link denhaag-link--disabled denhaag-link--with-icon denhaag-link--with-icon-end"
      ><span>Test link</span
      ><span class="denhaag-link__icon"
        ><svg
          width="1em"
          height="1em"
          viewBox="0 0 24 24"
          fill="none"
          xmlns="http://www.w3.org/2000/svg"
          class="MuiSvgIcon-root denhaag-icon"
          focusable="false"
          aria-hidden="true"
          shape-rendering="auto"
        >
          <path
            d="M9.293 18.707a1 1 0 010-1.414L14.586 12 9.293 6.707a1 1 0 011.414-1.414l6 6a1 1 0 010 1.414l-6 6a1 1 0 01-1.414 0z"
            fill="currentColor"
          ></path></svg></span
    ></a>
  </div>
  <div style="padding: 10px;">
    <a
      href="#test"
      tabindex="0"
      class="denhaag-link denhaag-link--with-icon denhaag-link--with-icon-start"
      ><span class="denhaag-link__icon"
        ><svg
          width="1em"
          height="1em"
          viewBox="0 0 24 24"
          fill="none"
          xmlns="http://www.w3.org/2000/svg"
          class="MuiSvgIcon-root denhaag-icon"
          focusable="false"
          aria-hidden="true"
          shape-rendering="auto"
        >
          <path
            d="M9.293 18.707a1 1 0 010-1.414L14.586 12 9.293 6.707a1 1 0 011.414-1.414l6 6a1 1 0 010 1.414l-6 6a1 1 0 01-1.414 0z"
            fill="currentColor"
          ></path></svg></span
      ><span>Test link</span></a
    >
  </div>
</div>
`;
