exports[`List tests > a11y and snapshots #0`] = `
<div id="wrapper" style="display: inline-block;">
  <div style="padding: 10px;">
    <ul class="MuiList-root denhaag-list MuiList-padding MuiList-subheader">
      <p class="MuiTypography-root denhaag-list__subheader MuiTypography-body1">
        subheader
      </p>
      <li
        class="MuiListItem-root denhaag-list__item MuiListItem-gutters"
        primarytext="ListItem"
        tabindex="0"
      >
        <div class="MuiListItemText-root denhaag-list__item-text">
          <p
            class="MuiTypography-root denhaag-list__item-text-primary MuiTypography-body1"
          >
            ListItem
          </p>
        </div>
      </li>
      <li
        class="MuiListItem-root denhaag-list__item MuiListItem-gutters"
        actiontype="action"
        primarytext="Single-line item"
        tabindex="-1"
      >
        <div class="MuiListItemIcon-root denhaag-list__item-icon">
          <svg
            width="1em"
            height="1em"
            viewBox="0 0 24 24"
            fill="none"
            xmlns="http://www.w3.org/2000/svg"
            class="MuiSvgIcon-root denhaag-icon"
            focusable="false"
            aria-hidden="true"
            shape-rendering="auto"
          >
            <path
              d="M11.336 2.253a1 1 0 011.328 0l9 8a1 1 0 01-1.328 1.494L20 11.45V19a2 2 0 01-2 2H6a2 2 0 01-2-2v-7.55l-.336.297a1 1 0 01-1.328-1.494l9-8zM6 9.67V19h3v-5a1 1 0 011-1h4a1 1 0 011 1v5h3V9.671l-6-5.333-6 5.333zM13 19v-4h-2v4h2z"
              fill="currentColor"
            ></path>
          </svg>
        </div>
        <div
          class="MuiListItemSecondaryAction-root denhaag-list__secondary-action"
        >
          <button
            class="MuiButtonBase-root MuiIconButton-root denhaag-icon-button"
            tabindex="0"
            type="button"
            aria-label="Action"
          >
            <span class="MuiIconButton-label"
              ><svg
                width="1em"
                height="1em"
                viewBox="0 0 24 24"
                fill="none"
                xmlns="http://www.w3.org/2000/svg"
                class="MuiSvgIcon-root denhaag-icon"
                focusable="false"
                aria-hidden="true"
                shape-rendering="auto"
              >
                <path
                  d="M7 4a2 2 0 012-2h6a2 2 0 012 2v2h4a1 1 0 110 2h-1.069l-.867 12.142A2 2 0 0117.069 22H6.93a2 2 0 01-1.995-1.858L4.07 8H3a1 1 0 010-2h4V4zm2 2h6V4H9v2zM6.074 8l.857 12H17.07l.857-12H6.074zM10 10a1 1 0 011 1v6a1 1 0 11-2 0v-6a1 1 0 011-1zm4 0a1 1 0 011 1v6a1 1 0 11-2 0v-6a1 1 0 011-1z"
                  fill="currentColor"
                ></path></svg
            ></span>
          </button>
        </div>
        <div class="MuiListItemText-root denhaag-list__item-text">
          <p
            class="MuiTypography-root denhaag-list__item-text-primary MuiTypography-body1"
          >
            Single-line item
          </p>
        </div>
      </li>
      <li
        class="MuiButtonBase-root MuiListItem-root denhaag-list__item MuiListItem-gutters MuiListItem-button"
        tabindex="0"
        aria-disabled="false"
        actiontype="nav"
        secondarytext="Secondary text"
        primarytext="Single-line item"
      >
        <div class="MuiListItemIcon-root denhaag-list__item-icon">
          <svg
            width="1em"
            height="1em"
            viewBox="0 0 24 24"
            fill="none"
            xmlns="http://www.w3.org/2000/svg"
            class="MuiSvgIcon-root denhaag-icon"
            focusable="false"
            aria-hidden="true"
            shape-rendering="auto"
          >
            <path
              d="M11.336 2.253a1 1 0 011.328 0l9 8a1 1 0 01-1.328 1.494L20 11.45V19a2 2 0 01-2 2H6a2 2 0 01-2-2v-7.55l-.336.297a1 1 0 01-1.328-1.494l9-8zM6 9.67V19h3v-5a1 1 0 011-1h4a1 1 0 011 1v5h3V9.671l-6-5.333-6 5.333zM13 19v-4h-2v4h2z"
              fill="currentColor"
            ></path>
          </svg>
        </div>
        <div
          class="MuiListItemSecondaryAction-root denhaag-list__secondary-action"
        >
          <button
            class="MuiButtonBase-root MuiIconButton-root denhaag-icon-button"
            tabindex="-1"
            type="button"
            aria-label="Navigate"
          >
            <span class="MuiIconButton-label"
              ><svg
                width="1em"
                height="1em"
                viewBox="0 0 24 24"
                fill="none"
                xmlns="http://www.w3.org/2000/svg"
                class="MuiSvgIcon-root denhaag-icon"
                focusable="false"
                aria-hidden="true"
                shape-rendering="auto"
              >
                <path
                  d="M9.293 18.707a1 1 0 010-1.414L14.586 12 9.293 6.707a1 1 0 011.414-1.414l6 6a1 1 0 010 1.414l-6 6a1 1 0 01-1.414 0z"
                  fill="currentColor"
                ></path></svg
            ></span>
          </button>
        </div>
        <div
          class="MuiListItemText-root denhaag-list__item-text MuiListItemText-multiline"
        >
          <p
            class="MuiTypography-root denhaag-list__item-text-primary MuiTypography-body1"
          >
            Single-line item
          </p>
          <p
            class="MuiTypography-root denhaag-list__item-text-secondary MuiTypography-body1"
          >
            Secondary text
          </p>
        </div>
      </li>
    </ul>
  </div>
</div>
`;
