exports[`Alerts tests > a11y and snapshots #0`] = `
<div id="wrapper" style="display: inline-block;">
  <div style="padding: 10px;">
    <div class="denhaag-alert denhaag-alert--undefined">
      <div class="denhaag-alert__main-content">
        <div class="denhaag-alert__icon"></div>
        <div class="denhaag-alert__content">
          <h4 class="utrecht-heading-4 utrecht-heading-4--distanced">
            This is the title of the Alert
          </h4>
          <p class="utrecht-paragraph utrecht-paragraph--distanced">
            Here comes text. This text provides additional details and
            actionable steps the user can take.
          </p>
        </div>
      </div>
    </div>
  </div>
  <div style="padding: 10px;">
    <div class="denhaag-alert denhaag-alert--error">
      <div class="denhaag-alert__main-content">
        <div class="denhaag-alert__icon">
          <svg
            width="1em"
            height="1em"
            viewBox="0 0 24 24"
            xmlns="http://www.w3.org/2000/svg"
            class="MuiSvgIcon-root denhaag-icon"
            focusable="false"
            aria-hidden="true"
            shape-rendering="auto"
          >
            <g
              stroke="currentColor"
              fill="none"
              stroke-width="2"
              stroke-linecap="round"
              stroke-linejoin="round"
            >
              <path
                d="M10.29 3.86L1.82 18a2 2 0 001.71 3h16.94a2 2 0 001.71-3L13.71 3.86a2 2 0 00-3.42 0v0zM12 17h.01M12 9v4"
              ></path>
            </g>
          </svg>
        </div>
        <div class="denhaag-alert__content">
          <h4 class="utrecht-heading-4 utrecht-heading-4--distanced">
            This is the title of the Alert
          </h4>
          <p class="utrecht-paragraph utrecht-paragraph--distanced">
            Here comes text. This text provides additional details and
            actionable steps the user can take.
          </p>
        </div>
      </div>
    </div>
  </div>
  <div style="padding: 10px;">
    <div class="denhaag-alert denhaag-alert--info">
      <div class="denhaag-alert__main-content">
        <div class="denhaag-alert__icon">
          <svg
            width="1em"
            height="1em"
            viewBox="0 0 24 24"
            fill="none"
            xmlns="http://www.w3.org/2000/svg"
            class="MuiSvgIcon-root denhaag-icon"
            focusable="false"
            aria-hidden="true"
            shape-rendering="auto"
          >
            <path
              d="M12 4a8 8 0 100 16 8 8 0 000-16zM2 12C2 6.477 6.477 2 12 2s10 4.477 10 10-4.477 10-10 10S2 17.523 2 12z"
              fill="currentColor"
            ></path>
            <path
              d="M12 10a1 1 0 011 1v6a1 1 0 11-2 0v-6a1 1 0 011-1zM13.5 7.5a1.5 1.5 0 11-3 0 1.5 1.5 0 013 0z"
              fill="currentColor"
            ></path>
          </svg>
        </div>
        <div class="denhaag-alert__content">
          <h4 class="utrecht-heading-4 utrecht-heading-4--distanced">
            This is the title of the Alert
          </h4>
          <p class="utrecht-paragraph utrecht-paragraph--distanced">
            Here comes text. This text provides additional details and
            actionable steps the user can take.
          </p>
        </div>
      </div>
    </div>
  </div>
  <div style="padding: 10px;">
    <div class="denhaag-alert denhaag-alert--success">
      <div class="denhaag-alert__main-content">
        <div class="denhaag-alert__icon">
          <svg
            width="1em"
            height="1em"
            viewBox="0 0 24 24"
            xmlns="http://www.w3.org/2000/svg"
            class="MuiSvgIcon-root denhaag-icon"
            focusable="false"
            aria-hidden="true"
            shape-rendering="auto"
          >
            <path
              d="M22 11.08V12a10 10 0 11-5.93-9.14"
              stroke="currentColor"
              fill="none"
              stroke-width="2"
              stroke-linecap="round"
              stroke-linejoin="round"
            ></path>
            <path
              d="M22 4L12 14.01l-3-3"
              stroke="currentColor"
              fill="none"
              stroke-width="2"
              stroke-linecap="round"
              stroke-linejoin="round"
            ></path>
          </svg>
        </div>
        <div class="denhaag-alert__content">
          <h4 class="utrecht-heading-4 utrecht-heading-4--distanced">
            This is the title of the Alert
          </h4>
          <p class="utrecht-paragraph utrecht-paragraph--distanced">
            Here comes text. This text provides additional details and
            actionable steps the user can take.
          </p>
        </div>
      </div>
    </div>
  </div>
  <div style="padding: 10px;">
    <div class="denhaag-alert denhaag-alert--warning">
      <div class="denhaag-alert__main-content">
        <div class="denhaag-alert__icon">
          <svg
            width="1em"
            height="1em"
            viewBox="0 0 24 24"
            xmlns="http://www.w3.org/2000/svg"
            class="MuiSvgIcon-root denhaag-icon"
            focusable="false"
            aria-hidden="true"
            shape-rendering="auto"
          >
            <g
              stroke="currentColor"
              fill="none"
              stroke-width="2"
              stroke-linecap="round"
              stroke-linejoin="round"
            >
              <path
                d="M10.29 3.86L1.82 18a2 2 0 001.71 3h16.94a2 2 0 001.71-3L13.71 3.86a2 2 0 00-3.42 0v0zM12 17h.01M12 9v4"
              ></path>
            </g>
          </svg>
        </div>
        <div class="denhaag-alert__content">
          <h4 class="utrecht-heading-4 utrecht-heading-4--distanced">
            This is the title of the Alert
          </h4>
          <p class="utrecht-paragraph utrecht-paragraph--distanced">
            Here comes text. This text provides additional details and
            actionable steps the user can take.
          </p>
        </div>
      </div>
    </div>
  </div>
</div>
`;

exports[`Alerts tests > a11y and snapshots #1`] = `
<div id="wrapper" style="display: inline-block;">
  <div style="padding: 10px;">
    <div class="denhaag-alert denhaag-alert--undefined">
      <div class="denhaag-alert__main-content">
        <div class="denhaag-alert__icon">
          <svg
            width="1em"
            height="1em"
            viewBox="0 0 24 24"
            fill="none"
            xmlns="http://www.w3.org/2000/svg"
            class="MuiSvgIcon-root denhaag-icon"
            focusable="false"
            aria-hidden="true"
            shape-rendering="auto"
          >
            <path
              d="M17.502 2.135A1 1 0 0118 3v4c1.185 0 2.25.516 2.981 1.333A3.989 3.989 0 0122 11c0 1.024-.386 1.96-1.019 2.667A3.993 3.993 0 0118 15v4a1 1 0 01-1.496.868L10 16.152V21a1 1 0 01-1 1H5a1 1 0 01-1-1v-5a2 2 0 01-2-2V8a2 2 0 012-2h5.734l6.77-3.868a1 1 0 01.998.003zM10 14a1 1 0 01.496.132L16 17.277V4.723l-5.504 3.145A1 1 0 0110 8H4v6h6zm-4 2v4h2v-4H6zm12-3c.592 0 1.123-.256 1.491-.667.317-.354.509-.82.509-1.333s-.192-.979-.509-1.333A1.993 1.993 0 0018 9v4z"
              fill="currentColor"
            ></path>
          </svg>
        </div>
        <div class="denhaag-alert__content">
          <h4 class="utrecht-heading-4 utrecht-heading-4--distanced">
            This is the title of the Alert
          </h4>
          <p class="utrecht-paragraph utrecht-paragraph--distanced">
            Here comes text. This text provides additional details and
            actionable steps the user can take.
          </p>
        </div>
      </div>
    </div>
  </div>
  <div style="padding: 10px;">
    <div class="denhaag-alert denhaag-alert--error">
      <div class="denhaag-alert__main-content">
        <div class="denhaag-alert__icon">
          <svg
            width="1em"
            height="1em"
            viewBox="0 0 24 24"
            fill="none"
            xmlns="http://www.w3.org/2000/svg"
            class="MuiSvgIcon-root denhaag-icon"
            focusable="false"
            aria-hidden="true"
            shape-rendering="auto"
          >
            <path
              d="M17.502 2.135A1 1 0 0118 3v4c1.185 0 2.25.516 2.981 1.333A3.989 3.989 0 0122 11c0 1.024-.386 1.96-1.019 2.667A3.993 3.993 0 0118 15v4a1 1 0 01-1.496.868L10 16.152V21a1 1 0 01-1 1H5a1 1 0 01-1-1v-5a2 2 0 01-2-2V8a2 2 0 012-2h5.734l6.77-3.868a1 1 0 01.998.003zM10 14a1 1 0 01.496.132L16 17.277V4.723l-5.504 3.145A1 1 0 0110 8H4v6h6zm-4 2v4h2v-4H6zm12-3c.592 0 1.123-.256 1.491-.667.317-.354.509-.82.509-1.333s-.192-.979-.509-1.333A1.993 1.993 0 0018 9v4z"
              fill="currentColor"
            ></path>
          </svg>
        </div>
        <div class="denhaag-alert__content">
          <h4 class="utrecht-heading-4 utrecht-heading-4--distanced">
            This is the title of the Alert
          </h4>
          <p class="utrecht-paragraph utrecht-paragraph--distanced">
            Here comes text. This text provides additional details and
            actionable steps the user can take.
          </p>
        </div>
      </div>
    </div>
  </div>
  <div style="padding: 10px;">
    <div class="denhaag-alert denhaag-alert--info">
      <div class="denhaag-alert__main-content">
        <div class="denhaag-alert__icon">
          <svg
            width="1em"
            height="1em"
            viewBox="0 0 24 24"
            fill="none"
            xmlns="http://www.w3.org/2000/svg"
            class="MuiSvgIcon-root denhaag-icon"
            focusable="false"
            aria-hidden="true"
            shape-rendering="auto"
          >
            <path
              d="M17.502 2.135A1 1 0 0118 3v4c1.185 0 2.25.516 2.981 1.333A3.989 3.989 0 0122 11c0 1.024-.386 1.96-1.019 2.667A3.993 3.993 0 0118 15v4a1 1 0 01-1.496.868L10 16.152V21a1 1 0 01-1 1H5a1 1 0 01-1-1v-5a2 2 0 01-2-2V8a2 2 0 012-2h5.734l6.77-3.868a1 1 0 01.998.003zM10 14a1 1 0 01.496.132L16 17.277V4.723l-5.504 3.145A1 1 0 0110 8H4v6h6zm-4 2v4h2v-4H6zm12-3c.592 0 1.123-.256 1.491-.667.317-.354.509-.82.509-1.333s-.192-.979-.509-1.333A1.993 1.993 0 0018 9v4z"
              fill="currentColor"
            ></path>
          </svg>
        </div>
        <div class="denhaag-alert__content">
          <h4 class="utrecht-heading-4 utrecht-heading-4--distanced">
            This is the title of the Alert
          </h4>
          <p class="utrecht-paragraph utrecht-paragraph--distanced">
            Here comes text. This text provides additional details and
            actionable steps the user can take.
          </p>
        </div>
      </div>
    </div>
  </div>
  <div style="padding: 10px;">
    <div class="denhaag-alert denhaag-alert--success">
      <div class="denhaag-alert__main-content">
        <div class="denhaag-alert__icon">
          <svg
            width="1em"
            height="1em"
            viewBox="0 0 24 24"
            fill="none"
            xmlns="http://www.w3.org/2000/svg"
            class="MuiSvgIcon-root denhaag-icon"
            focusable="false"
            aria-hidden="true"
            shape-rendering="auto"
          >
            <path
              d="M17.502 2.135A1 1 0 0118 3v4c1.185 0 2.25.516 2.981 1.333A3.989 3.989 0 0122 11c0 1.024-.386 1.96-1.019 2.667A3.993 3.993 0 0118 15v4a1 1 0 01-1.496.868L10 16.152V21a1 1 0 01-1 1H5a1 1 0 01-1-1v-5a2 2 0 01-2-2V8a2 2 0 012-2h5.734l6.77-3.868a1 1 0 01.998.003zM10 14a1 1 0 01.496.132L16 17.277V4.723l-5.504 3.145A1 1 0 0110 8H4v6h6zm-4 2v4h2v-4H6zm12-3c.592 0 1.123-.256 1.491-.667.317-.354.509-.82.509-1.333s-.192-.979-.509-1.333A1.993 1.993 0 0018 9v4z"
              fill="currentColor"
            ></path>
          </svg>
        </div>
        <div class="denhaag-alert__content">
          <h4 class="utrecht-heading-4 utrecht-heading-4--distanced">
            This is the title of the Alert
          </h4>
          <p class="utrecht-paragraph utrecht-paragraph--distanced">
            Here comes text. This text provides additional details and
            actionable steps the user can take.
          </p>
        </div>
      </div>
    </div>
  </div>
  <div style="padding: 10px;">
    <div class="denhaag-alert denhaag-alert--warning">
      <div class="denhaag-alert__main-content">
        <div class="denhaag-alert__icon">
          <svg
            width="1em"
            height="1em"
            viewBox="0 0 24 24"
            fill="none"
            xmlns="http://www.w3.org/2000/svg"
            class="MuiSvgIcon-root denhaag-icon"
            focusable="false"
            aria-hidden="true"
            shape-rendering="auto"
          >
            <path
              d="M17.502 2.135A1 1 0 0118 3v4c1.185 0 2.25.516 2.981 1.333A3.989 3.989 0 0122 11c0 1.024-.386 1.96-1.019 2.667A3.993 3.993 0 0118 15v4a1 1 0 01-1.496.868L10 16.152V21a1 1 0 01-1 1H5a1 1 0 01-1-1v-5a2 2 0 01-2-2V8a2 2 0 012-2h5.734l6.77-3.868a1 1 0 01.998.003zM10 14a1 1 0 01.496.132L16 17.277V4.723l-5.504 3.145A1 1 0 0110 8H4v6h6zm-4 2v4h2v-4H6zm12-3c.592 0 1.123-.256 1.491-.667.317-.354.509-.82.509-1.333s-.192-.979-.509-1.333A1.993 1.993 0 0018 9v4z"
              fill="currentColor"
            ></path>
          </svg>
        </div>
        <div class="denhaag-alert__content">
          <h4 class="utrecht-heading-4 utrecht-heading-4--distanced">
            This is the title of the Alert
          </h4>
          <p class="utrecht-paragraph utrecht-paragraph--distanced">
            Here comes text. This text provides additional details and
            actionable steps the user can take.
          </p>
        </div>
      </div>
    </div>
  </div>
</div>
`;

exports[`Alerts tests > a11y and snapshots #2`] = `
<div id="wrapper" style="display: inline-block;">
  <div style="padding: 10px;">
    <div class="denhaag-alert denhaag-alert--undefined">
      <div class="denhaag-alert__main-content">
        <div class="denhaag-alert__icon"></div>
        <div class="denhaag-alert__content">
          <h4 class="utrecht-heading-4 utrecht-heading-4--distanced">
            This is the title of the Alert
          </h4>
          <p class="utrecht-paragraph utrecht-paragraph--distanced">
            Here comes text. This text provides additional details and
            actionable steps the user can take.
          </p>
        </div>
      </div>
      <div class="denhaag-alert__close">
        <button
          class="MuiButtonBase-root MuiIconButton-root denhaag-icon-button"
          tabindex="0"
          type="button"
          aria-label="Close"
        >
          <span class="MuiIconButton-label"
            ><svg
              width="1em"
              height="1em"
              viewBox="0 0 24 24"
              fill="none"
              xmlns="http://www.w3.org/2000/svg"
              class="MuiSvgIcon-root denhaag-icon"
              focusable="false"
              aria-hidden="true"
              shape-rendering="auto"
            >
              <path
                d="M5.293 5.293a1 1 0 011.414 0L12 10.586l5.293-5.293a1 1 0 111.414 1.414L13.414 12l5.293 5.293a1 1 0 01-1.414 1.414L12 13.414l-5.293 5.293a1 1 0 01-1.414-1.414L10.586 12 5.293 6.707a1 1 0 010-1.414z"
                fill="currentColor"
              ></path></svg
          ></span>
        </button>
      </div>
    </div>
  </div>
  <div style="padding: 10px;">
    <div class="denhaag-alert denhaag-alert--error">
      <div class="denhaag-alert__main-content">
        <div class="denhaag-alert__icon">
          <svg
            width="1em"
            height="1em"
            viewBox="0 0 24 24"
            xmlns="http://www.w3.org/2000/svg"
            class="MuiSvgIcon-root denhaag-icon"
            focusable="false"
            aria-hidden="true"
            shape-rendering="auto"
          >
            <g
              stroke="currentColor"
              fill="none"
              stroke-width="2"
              stroke-linecap="round"
              stroke-linejoin="round"
            >
              <path
                d="M10.29 3.86L1.82 18a2 2 0 001.71 3h16.94a2 2 0 001.71-3L13.71 3.86a2 2 0 00-3.42 0v0zM12 17h.01M12 9v4"
              ></path>
            </g>
          </svg>
        </div>
        <div class="denhaag-alert__content">
          <h4 class="utrecht-heading-4 utrecht-heading-4--distanced">
            This is the title of the Alert
          </h4>
          <p class="utrecht-paragraph utrecht-paragraph--distanced">
            Here comes text. This text provides additional details and
            actionable steps the user can take.
          </p>
        </div>
      </div>
      <div class="denhaag-alert__close">
        <button
          class="MuiButtonBase-root MuiIconButton-root denhaag-icon-button"
          tabindex="0"
          type="button"
          aria-label="Close"
        >
          <span class="MuiIconButton-label"
            ><svg
              width="1em"
              height="1em"
              viewBox="0 0 24 24"
              fill="none"
              xmlns="http://www.w3.org/2000/svg"
              class="MuiSvgIcon-root denhaag-icon"
              focusable="false"
              aria-hidden="true"
              shape-rendering="auto"
            >
              <path
                d="M5.293 5.293a1 1 0 011.414 0L12 10.586l5.293-5.293a1 1 0 111.414 1.414L13.414 12l5.293 5.293a1 1 0 01-1.414 1.414L12 13.414l-5.293 5.293a1 1 0 01-1.414-1.414L10.586 12 5.293 6.707a1 1 0 010-1.414z"
                fill="currentColor"
              ></path></svg
          ></span>
        </button>
      </div>
    </div>
  </div>
  <div style="padding: 10px;">
    <div class="denhaag-alert denhaag-alert--info">
      <div class="denhaag-alert__main-content">
        <div class="denhaag-alert__icon">
          <svg
            width="1em"
            height="1em"
            viewBox="0 0 24 24"
            fill="none"
            xmlns="http://www.w3.org/2000/svg"
            class="MuiSvgIcon-root denhaag-icon"
            focusable="false"
            aria-hidden="true"
            shape-rendering="auto"
          >
            <path
              d="M12 4a8 8 0 100 16 8 8 0 000-16zM2 12C2 6.477 6.477 2 12 2s10 4.477 10 10-4.477 10-10 10S2 17.523 2 12z"
              fill="currentColor"
            ></path>
            <path
              d="M12 10a1 1 0 011 1v6a1 1 0 11-2 0v-6a1 1 0 011-1zM13.5 7.5a1.5 1.5 0 11-3 0 1.5 1.5 0 013 0z"
              fill="currentColor"
            ></path>
          </svg>
        </div>
        <div class="denhaag-alert__content">
          <h4 class="utrecht-heading-4 utrecht-heading-4--distanced">
            This is the title of the Alert
          </h4>
          <p class="utrecht-paragraph utrecht-paragraph--distanced">
            Here comes text. This text provides additional details and
            actionable steps the user can take.
          </p>
        </div>
      </div>
      <div class="denhaag-alert__close">
        <button
          class="MuiButtonBase-root MuiIconButton-root denhaag-icon-button"
          tabindex="0"
          type="button"
          aria-label="Close"
        >
          <span class="MuiIconButton-label"
            ><svg
              width="1em"
              height="1em"
              viewBox="0 0 24 24"
              fill="none"
              xmlns="http://www.w3.org/2000/svg"
              class="MuiSvgIcon-root denhaag-icon"
              focusable="false"
              aria-hidden="true"
              shape-rendering="auto"
            >
              <path
                d="M5.293 5.293a1 1 0 011.414 0L12 10.586l5.293-5.293a1 1 0 111.414 1.414L13.414 12l5.293 5.293a1 1 0 01-1.414 1.414L12 13.414l-5.293 5.293a1 1 0 01-1.414-1.414L10.586 12 5.293 6.707a1 1 0 010-1.414z"
                fill="currentColor"
              ></path></svg
          ></span>
        </button>
      </div>
    </div>
  </div>
  <div style="padding: 10px;">
    <div class="denhaag-alert denhaag-alert--success">
      <div class="denhaag-alert__main-content">
        <div class="denhaag-alert__icon">
          <svg
            width="1em"
            height="1em"
            viewBox="0 0 24 24"
            xmlns="http://www.w3.org/2000/svg"
            class="MuiSvgIcon-root denhaag-icon"
            focusable="false"
            aria-hidden="true"
            shape-rendering="auto"
          >
            <path
              d="M22 11.08V12a10 10 0 11-5.93-9.14"
              stroke="currentColor"
              fill="none"
              stroke-width="2"
              stroke-linecap="round"
              stroke-linejoin="round"
            ></path>
            <path
              d="M22 4L12 14.01l-3-3"
              stroke="currentColor"
              fill="none"
              stroke-width="2"
              stroke-linecap="round"
              stroke-linejoin="round"
            ></path>
          </svg>
        </div>
        <div class="denhaag-alert__content">
          <h4 class="utrecht-heading-4 utrecht-heading-4--distanced">
            This is the title of the Alert
          </h4>
          <p class="utrecht-paragraph utrecht-paragraph--distanced">
            Here comes text. This text provides additional details and
            actionable steps the user can take.
          </p>
        </div>
      </div>
      <div class="denhaag-alert__close">
        <button
          class="MuiButtonBase-root MuiIconButton-root denhaag-icon-button"
          tabindex="0"
          type="button"
          aria-label="Close"
        >
          <span class="MuiIconButton-label"
            ><svg
              width="1em"
              height="1em"
              viewBox="0 0 24 24"
              fill="none"
              xmlns="http://www.w3.org/2000/svg"
              class="MuiSvgIcon-root denhaag-icon"
              focusable="false"
              aria-hidden="true"
              shape-rendering="auto"
            >
              <path
                d="M5.293 5.293a1 1 0 011.414 0L12 10.586l5.293-5.293a1 1 0 111.414 1.414L13.414 12l5.293 5.293a1 1 0 01-1.414 1.414L12 13.414l-5.293 5.293a1 1 0 01-1.414-1.414L10.586 12 5.293 6.707a1 1 0 010-1.414z"
                fill="currentColor"
              ></path></svg
          ></span>
        </button>
      </div>
    </div>
  </div>
  <div style="padding: 10px;">
    <div class="denhaag-alert denhaag-alert--warning">
      <div class="denhaag-alert__main-content">
        <div class="denhaag-alert__icon">
          <svg
            width="1em"
            height="1em"
            viewBox="0 0 24 24"
            xmlns="http://www.w3.org/2000/svg"
            class="MuiSvgIcon-root denhaag-icon"
            focusable="false"
            aria-hidden="true"
            shape-rendering="auto"
          >
            <g
              stroke="currentColor"
              fill="none"
              stroke-width="2"
              stroke-linecap="round"
              stroke-linejoin="round"
            >
              <path
                d="M10.29 3.86L1.82 18a2 2 0 001.71 3h16.94a2 2 0 001.71-3L13.71 3.86a2 2 0 00-3.42 0v0zM12 17h.01M12 9v4"
              ></path>
            </g>
          </svg>
        </div>
        <div class="denhaag-alert__content">
          <h4 class="utrecht-heading-4 utrecht-heading-4--distanced">
            This is the title of the Alert
          </h4>
          <p class="utrecht-paragraph utrecht-paragraph--distanced">
            Here comes text. This text provides additional details and
            actionable steps the user can take.
          </p>
        </div>
      </div>
      <div class="denhaag-alert__close">
        <button
          class="MuiButtonBase-root MuiIconButton-root denhaag-icon-button"
          tabindex="0"
          type="button"
          aria-label="Close"
        >
          <span class="MuiIconButton-label"
            ><svg
              width="1em"
              height="1em"
              viewBox="0 0 24 24"
              fill="none"
              xmlns="http://www.w3.org/2000/svg"
              class="MuiSvgIcon-root denhaag-icon"
              focusable="false"
              aria-hidden="true"
              shape-rendering="auto"
            >
              <path
                d="M5.293 5.293a1 1 0 011.414 0L12 10.586l5.293-5.293a1 1 0 111.414 1.414L13.414 12l5.293 5.293a1 1 0 01-1.414 1.414L12 13.414l-5.293 5.293a1 1 0 01-1.414-1.414L10.586 12 5.293 6.707a1 1 0 010-1.414z"
                fill="currentColor"
              ></path></svg
          ></span>
        </button>
      </div>
    </div>
  </div>
</div>
`;

exports[`Alerts tests > a11y and snapshots #3`] = `
<div id="wrapper" style="display: inline-block;">
  <div style="padding: 10px;">
    <div class="denhaag-alert denhaag-alert--undefined">
      <div class="denhaag-alert__main-content">
        <div class="denhaag-alert__icon"></div>
        <div class="denhaag-alert__content">
          <h4 class="utrecht-heading-4 utrecht-heading-4--distanced">
            This is the title of the Alert
          </h4>
          <p class="utrecht-paragraph utrecht-paragraph--distanced">
            Here comes text. This text provides additional details and
            actionable steps the user can take.
          </p>
          <button type="button" class="denhaag-button">
            <span class="denhaag-button__label">Continue</span>
          </button>
        </div>
      </div>
    </div>
  </div>
  <div style="padding: 10px;">
    <div class="denhaag-alert denhaag-alert--error">
      <div class="denhaag-alert__main-content">
        <div class="denhaag-alert__icon">
          <svg
            width="1em"
            height="1em"
            viewBox="0 0 24 24"
            xmlns="http://www.w3.org/2000/svg"
            class="MuiSvgIcon-root denhaag-icon"
            focusable="false"
            aria-hidden="true"
            shape-rendering="auto"
          >
            <g
              stroke="currentColor"
              fill="none"
              stroke-width="2"
              stroke-linecap="round"
              stroke-linejoin="round"
            >
              <path
                d="M10.29 3.86L1.82 18a2 2 0 001.71 3h16.94a2 2 0 001.71-3L13.71 3.86a2 2 0 00-3.42 0v0zM12 17h.01M12 9v4"
              ></path>
            </g>
          </svg>
        </div>
        <div class="denhaag-alert__content">
          <h4 class="utrecht-heading-4 utrecht-heading-4--distanced">
            This is the title of the Alert
          </h4>
          <p class="utrecht-paragraph utrecht-paragraph--distanced">
            Here comes text. This text provides additional details and
            actionable steps the user can take.
          </p>
          <button type="button" class="denhaag-button">
            <span class="denhaag-button__label">Continue</span>
          </button>
        </div>
      </div>
    </div>
  </div>
  <div style="padding: 10px;">
    <div class="denhaag-alert denhaag-alert--info">
      <div class="denhaag-alert__main-content">
        <div class="denhaag-alert__icon">
          <svg
            width="1em"
            height="1em"
            viewBox="0 0 24 24"
            fill="none"
            xmlns="http://www.w3.org/2000/svg"
            class="MuiSvgIcon-root denhaag-icon"
            focusable="false"
            aria-hidden="true"
            shape-rendering="auto"
          >
            <path
              d="M12 4a8 8 0 100 16 8 8 0 000-16zM2 12C2 6.477 6.477 2 12 2s10 4.477 10 10-4.477 10-10 10S2 17.523 2 12z"
              fill="currentColor"
            ></path>
            <path
              d="M12 10a1 1 0 011 1v6a1 1 0 11-2 0v-6a1 1 0 011-1zM13.5 7.5a1.5 1.5 0 11-3 0 1.5 1.5 0 013 0z"
              fill="currentColor"
            ></path>
          </svg>
        </div>
        <div class="denhaag-alert__content">
          <h4 class="utrecht-heading-4 utrecht-heading-4--distanced">
            This is the title of the Alert
          </h4>
          <p class="utrecht-paragraph utrecht-paragraph--distanced">
            Here comes text. This text provides additional details and
            actionable steps the user can take.
          </p>
          <button type="button" class="denhaag-button">
            <span class="denhaag-button__label">Continue</span>
          </button>
        </div>
      </div>
    </div>
  </div>
  <div style="padding: 10px;">
    <div class="denhaag-alert denhaag-alert--success">
      <div class="denhaag-alert__main-content">
        <div class="denhaag-alert__icon">
          <svg
            width="1em"
            height="1em"
            viewBox="0 0 24 24"
            xmlns="http://www.w3.org/2000/svg"
            class="MuiSvgIcon-root denhaag-icon"
            focusable="false"
            aria-hidden="true"
            shape-rendering="auto"
          >
            <path
              d="M22 11.08V12a10 10 0 11-5.93-9.14"
              stroke="currentColor"
              fill="none"
              stroke-width="2"
              stroke-linecap="round"
              stroke-linejoin="round"
            ></path>
            <path
              d="M22 4L12 14.01l-3-3"
              stroke="currentColor"
              fill="none"
              stroke-width="2"
              stroke-linecap="round"
              stroke-linejoin="round"
            ></path>
          </svg>
        </div>
        <div class="denhaag-alert__content">
          <h4 class="utrecht-heading-4 utrecht-heading-4--distanced">
            This is the title of the Alert
          </h4>
          <p class="utrecht-paragraph utrecht-paragraph--distanced">
            Here comes text. This text provides additional details and
            actionable steps the user can take.
          </p>
          <button type="button" class="denhaag-button">
            <span class="denhaag-button__label">Continue</span>
          </button>
        </div>
      </div>
    </div>
  </div>
  <div style="padding: 10px;">
    <div class="denhaag-alert denhaag-alert--warning">
      <div class="denhaag-alert__main-content">
        <div class="denhaag-alert__icon">
          <svg
            width="1em"
            height="1em"
            viewBox="0 0 24 24"
            xmlns="http://www.w3.org/2000/svg"
            class="MuiSvgIcon-root denhaag-icon"
            focusable="false"
            aria-hidden="true"
            shape-rendering="auto"
          >
            <g
              stroke="currentColor"
              fill="none"
              stroke-width="2"
              stroke-linecap="round"
              stroke-linejoin="round"
            >
              <path
                d="M10.29 3.86L1.82 18a2 2 0 001.71 3h16.94a2 2 0 001.71-3L13.71 3.86a2 2 0 00-3.42 0v0zM12 17h.01M12 9v4"
              ></path>
            </g>
          </svg>
        </div>
        <div class="denhaag-alert__content">
          <h4 class="utrecht-heading-4 utrecht-heading-4--distanced">
            This is the title of the Alert
          </h4>
          <p class="utrecht-paragraph utrecht-paragraph--distanced">
            Here comes text. This text provides additional details and
            actionable steps the user can take.
          </p>
          <button type="button" class="denhaag-button">
            <span class="denhaag-button__label">Continue</span>
          </button>
        </div>
      </div>
    </div>
  </div>
</div>
`;
