exports[`Checkbox tests > a11y and snapshots #0`] = `
<div id="wrapper" style="display: inline-block;">
  <div style="padding: 10px;">
    <span class="denhaag-checkbox"
      ><input type="checkbox" class="denhaag-checkbox__input"/><span
        class="denhaag-checkbox__icon"
        ><svg
          xmlns="http://www.w3.org/2000/svg"
          width="1em"
          height="1em"
          viewBox="0 0 24 24"
          class="denhaag-icon"
          focusable="false"
          aria-hidden="true"
          shape-rendering="auto"
        >
          <path
            d="M20.664 5.253a1 1 0 01.083 1.411l-10.666 12a1 1 0 01-1.495 0l-5.333-6a1 1 0 011.494-1.328l4.586 5.159 9.92-11.16a1 1 0 011.411-.082z"
            stroke="currentColor"
            stroke-width="1.75"
          ></path></svg></span
    ></span>
  </div>
  <div style="padding: 10px;">
    <span class="denhaag-checkbox denhaag-checkbox--error"
      ><input type="checkbox" class="denhaag-checkbox__input"/><span
        class="denhaag-checkbox__icon"
        ><svg
          xmlns="http://www.w3.org/2000/svg"
          width="1em"
          height="1em"
          viewBox="0 0 24 24"
          class="denhaag-icon"
          focusable="false"
          aria-hidden="true"
          shape-rendering="auto"
        >
          <path
            d="M20.664 5.253a1 1 0 01.083 1.411l-10.666 12a1 1 0 01-1.495 0l-5.333-6a1 1 0 011.494-1.328l4.586 5.159 9.92-11.16a1 1 0 011.411-.082z"
            stroke="currentColor"
            stroke-width="1.75"
          ></path></svg></span
    ></span>
  </div>
  <div style="padding: 10px;">
    <span class="denhaag-checkbox"
      ><input type="checkbox" class="denhaag-checkbox__input" checked=""/><span
        class="denhaag-checkbox__icon"
        ><svg
          xmlns="http://www.w3.org/2000/svg"
          width="1em"
          height="1em"
          viewBox="0 0 24 24"
          class="denhaag-icon"
          focusable="false"
          aria-hidden="true"
          shape-rendering="auto"
        >
          <path
            d="M20.664 5.253a1 1 0 01.083 1.411l-10.666 12a1 1 0 01-1.495 0l-5.333-6a1 1 0 011.494-1.328l4.586 5.159 9.92-11.16a1 1 0 011.411-.082z"
            stroke="currentColor"
            stroke-width="1.75"
          ></path></svg></span
    ></span>
  </div>
  <div style="padding: 10px;">
    <span class="denhaag-checkbox"
      ><input type="checkbox" class="denhaag-checkbox__input" disabled=""/><span
        class="denhaag-checkbox__icon"
        ><svg
          xmlns="http://www.w3.org/2000/svg"
          width="1em"
          height="1em"
          viewBox="0 0 24 24"
          class="denhaag-icon"
          focusable="false"
          aria-hidden="true"
          shape-rendering="auto"
        >
          <path
            d="M20.664 5.253a1 1 0 01.083 1.411l-10.666 12a1 1 0 01-1.495 0l-5.333-6a1 1 0 011.494-1.328l4.586 5.159 9.92-11.16a1 1 0 011.411-.082z"
            stroke="currentColor"
            stroke-width="1.75"
          ></path></svg></span
    ></span>
  </div>
  <div style="padding: 10px;">
    <span class="denhaag-checkbox"
      ><input
        type="checkbox"
        class="denhaag-checkbox__input"
        uncheckedicon="[object Object]"/><span class="denhaag-checkbox__icon"
        ><svg
          xmlns="http://www.w3.org/2000/svg"
          width="1em"
          height="1em"
          viewBox="0 0 24 24"
          class="denhaag-icon"
          focusable="false"
          aria-hidden="true"
          shape-rendering="auto"
        >
          <path
            d="M20.664 5.253a1 1 0 01.083 1.411l-10.666 12a1 1 0 01-1.495 0l-5.333-6a1 1 0 011.494-1.328l4.586 5.159 9.92-11.16a1 1 0 011.411-.082z"
            stroke="currentColor"
            stroke-width="1.75"
          ></path></svg></span
    ></span>
  </div>
</div>
`;
